// Jest Snapshot v1, https://goo.gl/fbAQLP

exports[`Queries fetches single book 1`] = `
Object {
  "data": Object {
    "googleBook": Object {
      "authors": Array [
        "Kaplan Test Prep",
      ],
      "description": "<b>Kaplan’s<i> MCAT Physics and Math Review 2022–2023 </i>offers an expert study plan, detailed subject review, and hundreds of online and in-book practice questions—all authored by the experts behind the MCAT prep course that has helped more people get into medical school than all other major courses combined.</b><br><br> Prepping for the MCAT is a true challenge. Kaplan can be your partner along the way—offering guidance on where to focus your efforts and how to organize your review. This book has been updated to match the AAMC’s guidelines precisely—no more worrying about whether your MCAT review is comprehensive!<br><br><i>The Most Practice</i><br><ul><li>More than 350 questions in the book and access to even more online—more practice than any other MCAT physics and math book on the market.</li></ul><br><i>The Best Practice</i><br><ul><li>Comprehensive physics and math subject review is written by top-rated, award-winning Kaplan instructors.</li><li>Full-color, 3-D illustrations from Scientific American, charts, graphs and diagrams help turn even the most complex science into easy-to-visualize concepts.</li><li>All material is vetted by editors with advanced science degrees and by a medical doctor.</li><li>Online resources, including a full-length practice test, help you practice in the same computer-based format you’ll see on Test Day.</li></ul><br><i>Expert Guidance</i><br><ul><li>High-yield badges throughout the book identify the top 100 topics most tested by the AAMC.</li><li>We know the test: The Kaplan MCAT team has spent years studying every MCAT-related document available. </li><li>Kaplan’s expert psychometricians ensure our practice questions and study materials are true to the test.</li></ul>",
      "favorite": false,
      "id": "uW_zzQEACAAJ",
      "publishedDate": "2021-07-06",
      "publisher": "Kaplan Publishing",
      "smallThumbnail": "http://books.google.com/books/content?id=uW_zzQEACAAJ&printsec=frontcover&img=1&zoom=5&imgtk=AFLRE72XJEFAGe-1GZaWa1lIQk-Dfb11hClDf5V94UbaQamcVQLXrkyl_DTjFvc2t9Nc4cPPTSpUXaRzGOJpIoKlSqKLB4Nd1JygtR_mh_-6ehnH5Y2r0JB0VZI5So0fErq9vnNa1wHD&source=gbs_api",
      "title": "MCAT Physics and Math Review 2022-2023",
    },
  },
  "errors": undefined,
  "extensions": undefined,
  "http": Object {
    "headers": Headers {
      Symbol(map): Object {},
    },
  },
}
`;
